COPIED_TO_RELEASE=g:\SAP\CF_OB\260821_CF_OB_V2.8.xlsm
OPENING=g:\SAP\CF_OB\260821_CF_OB_V2.8.xlsm
=== 1. ENFORCING SHEET VISIBILITY ===
HIDDEN_SHEET: ORDER_QUERY (vis=2)
HIDDEN_SHEET: POSTING_RAW (vis=2)
VISIBLE_SHEET: CF_CONTROL
HIDDEN_SHEET: DATA_CORE (vis=2)
HIDDEN_SHEET: POSTING (vis=2)
HIDDEN_SHEET: RUN_LOG (vis=2)
HIDDEN_SHEET: SYSTEM (vis=2)
HIDDEN_SHEET: CONFIG (vis=2)
HIDDEN_SHEET: OB_QUEUE (vis=2)
HIDDEN_SHEET: OB_WH_CACHE (vis=2)
HIDDEN_SHEET: POSTING_SUMMARY (vis=2)
HIDDEN_SHEET: POSTING_CACHE (vis=2)
HIDDEN_SHEET: PLAN_SOURCE_LEGS (vis=2)
HIDDEN_SHEET: PLAN_RELEASE (vis=2)
HIDDEN_SHEET: SAP_PROBE_LOG (vis=2)
HIDDEN_SHEET: PLAN (vis=2)
HIDDEN_SHEET: SAP_ACTION_MAP (vis=2)
HIDDEN_SHEET: RUN_HISTORY (vis=2)
HIDDEN_SHEET: RUN_SUMMARY (vis=2)
HIDDEN_SHEET: REGRESSION_AUDIT (vis=2)
HIDDEN_SHEET: PHASE3_TESTS (vis=2)
SHEET_AUDIT_PASS=True
=== 2. NAMED RANGES AUDIT ===
NAME: CF_CONTROL!_FilterDatabase -> =CF_CONTROL!$E$4:$O$10
NAME: CF_UI_STATUS_CELL -> =CF_CONTROL!$A$42:$N$42
NAME: CFX_UseNewEngine -> =FALSE
HAS_STATUS_RANGE=True
=== 3. SHAPES AND BUTTONS AUDIT ===
SHAPE: btnCF_LoadWH | macro=CF_ButtonLoadWH
SHAPE: btnCF_CheckExecute | macro=CF_ButtonCheckExecute
SHAPE: btnCF_Reset | macro=CF_ButtonReset
TOTAL_SHAPES=3
=== 4. IMPORT REGRESSION HARNESS ===
IMPORTED_modCFAllocRegression
=== 5. RUNNING 9 REGRESSION GATES ===
GATE_1_CFAlloc_SelfTest=PASS
GATE_2_SSR_CompileProbe=<END>
GATE_3_SSR_SelfTest=PASS
GATE_4_CFReg_RunAll=REG_ALL_PASS|TOTAL=11|PASS=11|FAIL=0
GATE_5_CF_FastModuleRegression=PASS|FAST_MODULE_REGRESSION|INPUT_COLUMN_A_GATE=PASS|ADOPT=LIVE_PASS_LOCKED|CREATE_SAVE=LIVE_PASS_LOCKED|DIRECT_CREATE_AND_SAVE=DISCOVERED_PENDING|POST_CAPTURE_CLASSIFIER=TESTED|CF=USER_HANDOFF
GATE_6_CFResetUI_SelfTest=PASS|PLAN_LOCK_INVALIDATED=True|STATUS_CLEARED=True|HISTORY_PRESERVED=TRUE|SAP_WRITE=0
GATE_7_Phase3_RunUnitTests=OK
GATE_8_PHASE3_TESTS!H1=UNIT TESTS: 11/11 PASS. SAP Write=0.
GATE_9_Worklist_CompileProbe=<END>
GATES EVAL: alloc=True ssrCompile=True ssrSelf=True reg=True fast=True reset=True phase3=True wlProbe=True sheetAudit=True
ALL_GATES_PASS=True
SAVED_FINAL_V2.8_RELEASE_XLSM=TRUE
