OPENING=G:\SAP\CF_OB\work\WORKING\260821_CF_OB_V3.0_CP1_WORKLIST.xlsm
=== 1. SHEET VISIBILITY ===
HIDDEN: ORDER_QUERY (vis=2)
HIDDEN: POSTING_RAW (vis=2)
VISIBLE: CF_CONTROL
HIDDEN: DATA_CORE (vis=2)
HIDDEN: POSTING (vis=2)
HIDDEN: RUN_LOG (vis=2)
HIDDEN: SYSTEM (vis=2)
HIDDEN: CONFIG (vis=2)
HIDDEN: OB_QUEUE (vis=2)
HIDDEN: OB_WH_CACHE (vis=2)
HIDDEN: POSTING_SUMMARY (vis=2)
HIDDEN: POSTING_CACHE (vis=2)
HIDDEN: PLAN_SOURCE_LEGS (vis=2)
HIDDEN: PLAN_RELEASE (vis=2)
HIDDEN: SAP_PROBE_LOG (vis=2)
HIDDEN: PLAN (vis=2)
HIDDEN: SAP_ACTION_MAP (vis=2)
HIDDEN: RUN_HISTORY (vis=2)
HIDDEN: RUN_SUMMARY (vis=2)
HIDDEN: REGRESSION_AUDIT (vis=2)
HIDDEN: PHASE3_TESTS (vis=2)
=== 2. SHAPES / BUTTONS ===
SHAPE: btnCF_LoadWH | macro=CF_ButtonLoadWH
SHAPE: btnCF_CheckExecute | macro=CF_ButtonCheckExecute
SHAPE: btnCF_Reset | macro=CF_ButtonReset
=== 3. WORKLIST HEADERS ===
HEADERS: E=OB | F=Whse Order | G=Tình trạng | H=Kế hoạch | I=Gate | J=SL thực tế | K=Khu vực | L=Số bin | M=Kết quả | N=Chi tiết | O= | P=
IMPORTED_modCFAllocRegression
GATE_1_CFAlloc_SelfTest=PASS
GATE_2_SSR_CompileProbe=<END>
GATE_3_SSR_SelfTest=PASS
GATE_4_CFReg_RunAll=REG_ALL_PASS|TOTAL=11|PASS=11|FAIL=0
GATE_5_CF_FastModuleRegression=PASS|FAST_MODULE_REGRESSION|INPUT_COLUMN_A_GATE=PASS|ADOPT=LIVE_PASS_LOCKED|CREATE_SAVE=LIVE_PASS_LOCKED|DIRECT_CREATE_AND_SAVE=DISCOVERED_PENDING|POST_CAPTURE_CLASSIFIER=TESTED|CF=USER_HANDOFF
GATE_6_CFResetUI_SelfTest=PASS|PLAN_LOCK_INVALIDATED=True|STATUS_CLEARED=True|HISTORY_PRESERVED=TRUE|SAP_WRITE=0
GATE_7_Phase3_RunUnitTests=OK
GATE_8_PHASE3_TESTS!H1=UNIT TESTS: 11/11 PASS. SAP Write=0.
GATE_9_Worklist_CompileProbe=<END>
GATES EVAL: alloc=True ssrCompile=True ssrSelf=True reg=True fast=True reset=True phase3=True wlProbe=True
ALL_GATES_PASS=True
